---
source: nix-lexer/src/lib.rs
expression: "let x = ''''; in x\n"
input_file: nix-lexer/fixtures/empty_multiline_string.nix
---
[
    Let,
    Ident(
        "x",
    ),
    Equals,
    MultilineString(
        [
            Content(
                "",
            ),
        ],
    ),
    Semicolon,
    In,
    Ident(
        "x",
    ),
]
